// Jest Snapshot v1, https://goo.gl/fbAQLP

exports[`Component: App should match snapshot 1`] = `
<div>
  <div
    class="App"
  >
    <button>
      Refresh
    </button>
    <p>
      Selected: 
      none
    </p>
  </div>
</div>
`;
